Archive member included to satisfy reference by file (symbol)

/usr/local/Cellar/arm-none-eabi-gcc/9-2019-q4-major/gcc/bin/../lib/gcc/arm-none-eabi/9.2.1/../../../../arm-none-eabi/lib/thumb/v7e-m+fp/hard/libc.a(lib_a-exit.o)
                              /usr/local/Cellar/arm-none-eabi-gcc/9-2019-q4-major/gcc/bin/../lib/gcc/arm-none-eabi/9.2.1/../../../../arm-none-eabi/lib/thumb/v7e-m+fp/hard/crt0.o (exit)
/usr/local/Cellar/arm-none-eabi-gcc/9-2019-q4-major/gcc/bin/../lib/gcc/arm-none-eabi/9.2.1/../../../../arm-none-eabi/lib/thumb/v7e-m+fp/hard/libc.a(lib_a-impure.o)
                              /usr/local/Cellar/arm-none-eabi-gcc/9-2019-q4-major/gcc/bin/../lib/gcc/arm-none-eabi/9.2.1/../../../../arm-none-eabi/lib/thumb/v7e-m+fp/hard/libc.a(lib_a-exit.o) (_global_impure_ptr)
/usr/local/Cellar/arm-none-eabi-gcc/9-2019-q4-major/gcc/bin/../lib/gcc/arm-none-eabi/9.2.1/../../../../arm-none-eabi/lib/thumb/v7e-m+fp/hard/libc.a(lib_a-init.o)
                              /usr/local/Cellar/arm-none-eabi-gcc/9-2019-q4-major/gcc/bin/../lib/gcc/arm-none-eabi/9.2.1/../../../../arm-none-eabi/lib/thumb/v7e-m+fp/hard/crt0.o (__libc_init_array)
/usr/local/Cellar/arm-none-eabi-gcc/9-2019-q4-major/gcc/bin/../lib/gcc/arm-none-eabi/9.2.1/../../../../arm-none-eabi/lib/thumb/v7e-m+fp/hard/libc.a(lib_a-memset.o)
                              /usr/local/Cellar/arm-none-eabi-gcc/9-2019-q4-major/gcc/bin/../lib/gcc/arm-none-eabi/9.2.1/../../../../arm-none-eabi/lib/thumb/v7e-m+fp/hard/crt0.o (memset)
/usr/local/Cellar/arm-none-eabi-gcc/9-2019-q4-major/gcc/bin/../lib/gcc/arm-none-eabi/9.2.1/../../../../arm-none-eabi/lib/thumb/v7e-m+fp/hard/libc.a(lib_a-__call_atexit.o)
                              /usr/local/Cellar/arm-none-eabi-gcc/9-2019-q4-major/gcc/bin/../lib/gcc/arm-none-eabi/9.2.1/../../../../arm-none-eabi/lib/thumb/v7e-m+fp/hard/libc.a(lib_a-exit.o) (__call_exitprocs)
/usr/local/Cellar/arm-none-eabi-gcc/9-2019-q4-major/gcc/bin/../lib/gcc/arm-none-eabi/9.2.1/../../../../arm-none-eabi/lib/thumb/v7e-m+fp/hard/libc.a(lib_a-atexit.o)
                              /usr/local/Cellar/arm-none-eabi-gcc/9-2019-q4-major/gcc/bin/../lib/gcc/arm-none-eabi/9.2.1/../../../../arm-none-eabi/lib/thumb/v7e-m+fp/hard/libc.a(lib_a-__call_atexit.o) (atexit)
/usr/local/Cellar/arm-none-eabi-gcc/9-2019-q4-major/gcc/bin/../lib/gcc/arm-none-eabi/9.2.1/../../../../arm-none-eabi/lib/thumb/v7e-m+fp/hard/libc.a(lib_a-fini.o)
                              /usr/local/Cellar/arm-none-eabi-gcc/9-2019-q4-major/gcc/bin/../lib/gcc/arm-none-eabi/9.2.1/../../../../arm-none-eabi/lib/thumb/v7e-m+fp/hard/libc.a(lib_a-__call_atexit.o) (__libc_fini_array)
/usr/local/Cellar/arm-none-eabi-gcc/9-2019-q4-major/gcc/bin/../lib/gcc/arm-none-eabi/9.2.1/../../../../arm-none-eabi/lib/thumb/v7e-m+fp/hard/libc.a(lib_a-lock.o)
                              /usr/local/Cellar/arm-none-eabi-gcc/9-2019-q4-major/gcc/bin/../lib/gcc/arm-none-eabi/9.2.1/../../../../arm-none-eabi/lib/thumb/v7e-m+fp/hard/libc.a(lib_a-__call_atexit.o) (__retarget_lock_acquire_recursive)
/usr/local/Cellar/arm-none-eabi-gcc/9-2019-q4-major/gcc/bin/../lib/gcc/arm-none-eabi/9.2.1/../../../../arm-none-eabi/lib/thumb/v7e-m+fp/hard/libc.a(lib_a-__atexit.o)
                              /usr/local/Cellar/arm-none-eabi-gcc/9-2019-q4-major/gcc/bin/../lib/gcc/arm-none-eabi/9.2.1/../../../../arm-none-eabi/lib/thumb/v7e-m+fp/hard/libc.a(lib_a-atexit.o) (__register_exitproc)
/usr/local/Cellar/arm-none-eabi-gcc/9-2019-q4-major/gcc/bin/../lib/gcc/arm-none-eabi/9.2.1/thumb/v7e-m+fp/hard/libgcc.a(_aeabi_uldivmod.o)
                              CMakeFiles/helloworld.dir/Users/mybays/develop/tencentos-tiny/TencentOS-tiny/platform/vendor_bsp/st/STM32F4xx_HAL_Driver/Src/stm32f4xx_hal_rcc.c.obj (__aeabi_uldivmod)
/usr/local/Cellar/arm-none-eabi-gcc/9-2019-q4-major/gcc/bin/../lib/gcc/arm-none-eabi/9.2.1/thumb/v7e-m+fp/hard/libgcc.a(_udivmoddi4.o)
                              /usr/local/Cellar/arm-none-eabi-gcc/9-2019-q4-major/gcc/bin/../lib/gcc/arm-none-eabi/9.2.1/thumb/v7e-m+fp/hard/libgcc.a(_aeabi_uldivmod.o) (__udivmoddi4)
/usr/local/Cellar/arm-none-eabi-gcc/9-2019-q4-major/gcc/bin/../lib/gcc/arm-none-eabi/9.2.1/thumb/v7e-m+fp/hard/libgcc.a(_dvmd_tls.o)
                              /usr/local/Cellar/arm-none-eabi-gcc/9-2019-q4-major/gcc/bin/../lib/gcc/arm-none-eabi/9.2.1/thumb/v7e-m+fp/hard/libgcc.a(_aeabi_uldivmod.o) (__aeabi_ldiv0)
/usr/local/Cellar/arm-none-eabi-gcc/9-2019-q4-major/gcc/bin/../lib/gcc/arm-none-eabi/9.2.1/../../../../arm-none-eabi/lib/thumb/v7e-m+fp/hard/libg_nano.a(lib_a-memcpy-stub.o)
                              CMakeFiles/helloworld.dir/Users/mybays/develop/tencentos-tiny/TencentOS-tiny/kernel/core/tos_binary_heap.c.obj (memcpy)
/usr/local/Cellar/arm-none-eabi-gcc/9-2019-q4-major/gcc/bin/../lib/gcc/arm-none-eabi/9.2.1/../../../../arm-none-eabi/lib/thumb/v7e-m+fp/hard/libg_nano.a(lib_a-printf.o)
[...]
Memory Configuration

Name             Origin             Length             Attributes
RAM              0x0000000020000000 0x0000000000010000 xrw
FLASH            0x0000000008000000 0x0000000000040000 xr
*default*        0x0000000000000000 0xffffffffffffffff

Linker script and memory map

LOAD /usr/local/Cellar/arm-none-eabi-gcc/9-2019-q4-major/gcc/bin/../lib/gcc/arm-none-eabi/9.2.1/thumb/v7e-m+fp/hard/crti.o
LOAD /usr/local/Cellar/arm-none-eabi-gcc/9-2019-q4-major/gcc/bin/../lib/gcc/arm-none-eabi/9.2.1/thumb/v7e-m+fp/hard/crtbegin.o
LOAD /usr/local/Cellar/arm-none-eabi-gcc/9-2019-q4-major/gcc/bin/../lib/gcc/arm-none-eabi/9.2.1/../../../../arm-none-eabi/lib/thumb/v7e-m+fp/hard/crt0.o
                0x0000000020010000                _estack = 0x20010000
                0x0000000000000200                _Min_Heap_Size = 0x200
                0x0000000000000400                _Min_Stack_Size = 0x400

.isr_vector     0x0000000008000000      0x194
                0x0000000008000000                . = ALIGN (0x4)
 *(.isr_vector)
 .isr_vector    0x0000000008000000      0x194 CMakeFiles/helloworld.dir/GCC/hello_world/startup_stm32f401xc.s.obj
                0x0000000008000000                g_pfnVectors
                0x0000000008000194                . = ALIGN (0x4)

.text           0x0000000008000194     0x1110
                0x0000000008000194                . = ALIGN (0x4)
 *(.text)
 .text          0x0000000008000194       0x40 /usr/local/Cellar/arm-none-eabi-gcc/9-2019-q4-major/gcc/bin/../lib/gcc/arm-none-eabi/9.2.1/thumb/v7e-m+fp/hard/crtbegin.o
 .text          0x00000000080001d4       0x30 /usr/local/Cellar/arm-none-eabi-gcc/9-2019-q4-major/gcc/bin/../lib/gcc/arm-none-eabi/9.2.1/thumb/v7e-m+fp/hard/libgcc.a(_aeabi_uldivmod.o)
                0x00000000080001d4                __aeabi_uldivmod
 .text          0x0000000008000204      0x2c4 /usr/local/Cellar/arm-none-eabi-gcc/9-2019-q4-major/gcc/bin/../lib/gcc/arm-none-eabi/9.2.1/thumb/v7e-m+fp/hard/libgcc.a(_udivmoddi4.o)
                0x0000000008000204                __udivmoddi4
 .text          0x00000000080004c8        0x4 /usr/local/Cellar/arm-none-eabi-gcc/9-2019-q4-major/gcc/bin/../lib/gcc/arm-none-eabi/9.2.1/thumb/v7e-m+fp/hard/libgcc.a(_dvmd_tls.o)
                0x00000000080004c8                __aeabi_ldiv0
                0x00000000080004c8                __aeabi_idiv0
 *(.text*)
 .text.__libc_init_array
                0x00000000080004cc       0x48 /usr/local/Cellar/arm-none-eabi-gcc/9-2019-q4-major/gcc/bin/../lib/gcc/arm-none-eabi/9.2.1/../../../../arm-none-eabi/lib/thumb/v7e-m+fp/hard/libc.a(lib_a-init.o)
                0x00000000080004cc                __libc_init_array
 .text.memset   0x0000000008000514       0xa0 /usr/local/Cellar/arm-none-eabi-gcc/9-2019-q4-major/gcc/bin/../lib/gcc/arm-none-eabi/9.2.1/../../../../arm-none-eabi/lib/thumb/v7e-m+fp/hard/libc.a(lib_a-memset.o)
                0x0000000008000514                memset
 .text.startup.register_fini
                0x00000000080005b4       0x14 /usr/local/Cellar/arm-none-eabi-gcc/9-2019-q4-major/gcc/bin/../lib/gcc/arm-none-eabi/9.2.1/../../../../arm-none-eabi/lib/thumb/v7e-m+fp/hard/libc.a(lib_a-__call_atexit.o)
 .text.atexit   0x00000000080005c8        0xc /usr/local/Cellar/arm-none-eabi-gcc/9-2019-q4-major/gcc/bin/../lib/gcc/arm-none-eabi/9.2.1/../../../../arm-none-eabi/lib/thumb/v7e-m+fp/hard/libc.a(lib_a-atexit.o)
                0x00000000080005c8                atexit
 .text.__libc_fini_array
                0x00000000080005d4       0x2c /usr/local/Cellar/arm-none-eabi-gcc/9-2019-q4-major/gcc/bin/../lib/gcc/arm-none-eabi/9.2.1/../../../../arm-none-eabi/lib/thumb/v7e-m+fp/hard/libc.a(lib_a-fini.o)
                0x00000000080005d4                __libc_fini_array
 .text.__retarget_lock_acquire_recursive
                0x0000000008000600        0x4 /usr/local/Cellar/arm-none-eabi-gcc/9-2019-q4-major/gcc/bin/../lib/gcc/arm-none-eabi/9.2.1/../../../../arm-none-eabi/lib/thumb/v7e-m+fp/hard/libc.a(lib_a-lock.o)
                0x0000000008000600                __retarget_lock_acquire_recursive
 .text.__retarget_lock_release_recursive
                0x0000000008000604        0x4 /usr/local/Cellar/arm-none-eabi-gcc/9-2019-q4-major/gcc/bin/../lib/gcc/arm-none-eabi/9.2.1/../../../../arm-none-eabi/lib/thumb/v7e-m+fp/hard/libc.a(lib_a-lock.o)
                0x0000000008000604                __retarget_lock_release_recursive
 .text.__register_exitproc
                0x0000000008000608       0x8c /usr/local/Cellar/arm-none-eabi-gcc/9-2019-q4-major/gcc/bin/../lib/gcc/arm-none-eabi/9.2.1/../../../../arm-none-eabi/lib/thumb/v7e-m+fp/hard/libc.a(lib_a-__atexit.o)
                0x0000000008000608                __register_exitproc
 .text.Reset_Handler
                0x0000000008000694       0x50 CMakeFiles/helloworld.dir/GCC/hello_world/startup_stm32f401xc.s.obj
                0x0000000008000694                Reset_Handler
 .text.Default_Handler
                0x00000000080006e4        0x2 CMakeFiles/helloworld.dir/GCC/hello_world/startup_stm32f401xc.s.obj
                0x00000000080006e4                DMA1_Stream3_IRQHandler
                0x00000000080006e4                EXTI2_IRQHandler
                0x00000000080006e4                SPI4_IRQHandler
                0x00000000080006e4                TIM1_CC_IRQHandler
                0x00000000080006e4                DMA2_Stream5_IRQHandler
                0x00000000080006e4                DMA1_Stream5_IRQHandler
                0x00000000080006e4                PVD_IRQHandler
                0x00000000080006e4                SDIO_IRQHandler
                0x00000000080006e4                TAMP_STAMP_IRQHandler
                0x00000000080006e4                PendSV_Handler
                0x00000000080006e4                EXTI3_IRQHandler
                0x00000000080006e4                TIM1_UP_TIM10_IRQHandler
                0x00000000080006e4                I2C3_ER_IRQHandler
                0x00000000080006e4                EXTI0_IRQHandler
                0x00000000080006e4                I2C2_EV_IRQHandler
                0x00000000080006e4                DMA1_Stream2_IRQHandler
                0x00000000080006e4                FPU_IRQHandler
                0x00000000080006e4                DMA2_Stream2_IRQHandler
                0x00000000080006e4                SPI1_IRQHandler
                0x00000000080006e4                TIM1_BRK_TIM9_IRQHandler
                0x00000000080006e4                DMA2_Stream3_IRQHandler
                0x00000000080006e4                USART6_IRQHandler
                0x00000000080006e4                DMA2_Stream0_IRQHandler
                0x00000000080006e4                TIM4_IRQHandler
                0x00000000080006e4                I2C1_EV_IRQHandler
                0x00000000080006e4                DMA1_Stream6_IRQHandler
                0x00000000080006e4                DMA1_Stream1_IRQHandler
                0x00000000080006e4                TIM3_IRQHandler
                0x00000000080006e4                RCC_IRQHandler
                0x00000000080006e4                Default_Handler
                0x00000000080006e4                EXTI15_10_IRQHandler
                0x00000000080006e4                ADC_IRQHandler
                0x00000000080006e4                DMA1_Stream7_IRQHandler
                0x00000000080006e4                TIM5_IRQHandler
                0x00000000080006e4                DMA2_Stream7_IRQHandler
                0x00000000080006e4                I2C3_EV_IRQHandler
                0x00000000080006e4                EXTI9_5_IRQHandler
                0x00000000080006e4                RTC_WKUP_IRQHandler
                0x00000000080006e4                SPI2_IRQHandler
                0x00000000080006e4                DMA1_Stream0_IRQHandler
                0x00000000080006e4                EXTI4_IRQHandler
                0x00000000080006e4                WWDG_IRQHandler
                0x00000000080006e4                TIM2_IRQHandler
                0x00000000080006e4                OTG_FS_WKUP_IRQHandler
                0x00000000080006e4                TIM1_TRG_COM_TIM11_IRQHandler
                0x00000000080006e4                EXTI1_IRQHandler
                0x00000000080006e4                USART2_IRQHandler
                0x00000000080006e4                I2C2_ER_IRQHandler
                0x00000000080006e4                DMA2_Stream1_IRQHandler
                0x00000000080006e4                FLASH_IRQHandler
                0x00000000080006e4                DMA2_Stream4_IRQHandler
                0x00000000080006e4                USART1_IRQHandler
                0x00000000080006e4                OTG_FS_IRQHandler
                0x00000000080006e4                SPI3_IRQHandler
                0x00000000080006e4                DMA1_Stream4_IRQHandler
                0x00000000080006e4                I2C1_ER_IRQHandler
                0x00000000080006e4                DMA2_Stream6_IRQHandler
                0x00000000080006e4                RTC_Alarm_IRQHandler
 *fill*         0x00000000080006e6        0x2 
 .text.__NVIC_SetPriorityGrouping
                0x00000000080006e8       0x40 CMakeFiles/helloworld.dir/Users/mybays/develop/tencentos-tiny/TencentOS-tiny/platform/vendor_bsp/st/STM32F4xx_HAL_Driver/Src/stm32f4xx_hal_cortex.c.obj
 .text.__NVIC_GetPriorityGrouping
                0x0000000008000728       0x14 CMakeFiles/helloworld.dir/Users/mybays/develop/tencentos-tiny/TencentOS-tiny/platform/vendor_bsp/st/STM32F4xx_HAL_Driver/Src/stm32f4xx_hal_cortex.c.obj
 .text.__NVIC_SetPriority
                0x000000000800073c       0x50 CMakeFiles/helloworld.dir/Users/mybays/develop/tencentos-tiny/TencentOS-tiny/platform/vendor_bsp/st/STM32F4xx_HAL_Driver/Src/stm32f4xx_hal_cortex.c.obj
 .text.NVIC_EncodePriority
                0x000000000800078c       0x5c CMakeFiles/helloworld.dir/Users/mybays/develop/tencentos-tiny/TencentOS-tiny/platform/vendor_bsp/st/STM32F4xx_HAL_Driver/Src/stm32f4xx_hal_cortex.c.obj
 .text.SysTick_Config
                0x00000000080007e8       0x40 CMakeFiles/helloworld.dir/Users/mybays/develop/tencentos-tiny/TencentOS-tiny/platform/vendor_bsp/st/STM32F4xx_HAL_Driver/Src/stm32f4xx_hal_cortex.c.obj
 .text.HAL_NVIC_SetPriorityGrouping
                0x0000000008000828       0x14 CMakeFiles/helloworld.dir/Users/mybays/develop/tencentos-tiny/TencentOS-tiny/platform/vendor_bsp/st/STM32F4xx_HAL_Driver/Src/stm32f4xx_hal_cortex.c.obj
                0x0000000008000828                HAL_NVIC_SetPriorityGrouping
 .text.HAL_NVIC_SetPriority
                0x000000000800083c       0x38 CMakeFiles/helloworld.dir/Users/mybays/develop/tencentos-tiny/TencentOS-tiny/platform/vendor_bsp/st/STM32F4xx_HAL_Driver/Src/stm32f4xx_hal_cortex.c.obj
                0x000000000800083c                HAL_NVIC_SetPriority
 .text.HAL_SYSTICK_Config
                0x0000000008000874       0x16 CMakeFiles/helloworld.dir/Users/mybays/develop/tencentos-tiny/TencentOS-tiny/platform/vendor_bsp/st/STM32F4xx_HAL_Driver/Src/stm32f4xx_hal_cortex.c.obj
                0x0000000008000874                HAL_SYSTICK_Config
 *fill*         0x000000000800088a        0x2 
 .text.HAL_RCC_OscConfig
                0x000000000800088c      0x484 CMakeFiles/helloworld.dir/Users/mybays/develop/tencentos-tiny/TencentOS-tiny/platform/vendor_bsp/st/STM32F4xx_HAL_Driver/Src/stm32f4xx_hal_rcc.c.obj
                0x000000000800088c                HAL_RCC_OscConfig
 .text.HAL_RCC_ClockConfig
                0x0000000008000d10      0x1c0 CMakeFiles/helloworld.dir/Users/mybays/develop/tencentos-tiny/TencentOS-tiny/platform/vendor_bsp/st/STM32F4xx_HAL_Driver/Src/stm32f4xx_hal_rcc.c.obj
                0x0000000008000d10                HAL_RCC_ClockConfig
 .text.HAL_RCC_GetSysClockFreq
                0x0000000008000ed0      0x168 CMakeFiles/helloworld.dir/Users/mybays/develop/tencentos-tiny/TencentOS-tiny/platform/vendor_bsp/st/STM32F4xx_HAL_Driver/Src/stm32f4xx_hal_rcc.c.obj
                0x0000000008000ed0                HAL_RCC_GetSysClockFreq
 .text.HAL_Init
                0x0000000008001038       0x40 CMakeFiles/helloworld.dir/Users/mybays/develop/tencentos-tiny/TencentOS-tiny/platform/vendor_bsp/st/STM32F4xx_HAL_Driver/Src/stm32f4xx_hal.c.obj
                0x0000000008001038                HAL_Init
 .text.HAL_InitTick
                0x0000000008001078       0x60 CMakeFiles/helloworld.dir/Users/mybays/develop/tencentos-tiny/TencentOS-tiny/platform/vendor_bsp/st/STM32F4xx_HAL_Driver/Src/stm32f4xx_hal.c.obj
                0x0000000008001078                HAL_InitTick
 .text.HAL_IncTick
                0x00000000080010d8       0x1c CMakeFiles/helloworld.dir/Users/mybays/develop/tencentos-tiny/TencentOS-tiny/platform/vendor_bsp/st/STM32F4xx_HAL_Driver/Src/stm32f4xx_hal.c.obj
                0x00000000080010d8                HAL_IncTick
 .text.HAL_GetTick
                0x00000000080010f4        0xc CMakeFiles/helloworld.dir/Users/mybays/develop/tencentos-tiny/TencentOS-tiny/platform/vendor_bsp/st/STM32F4xx_HAL_Driver/Src/stm32f4xx_hal.c.obj
                0x00000000080010f4                HAL_GetTick
 .text.main     0x0000000008001100        0xc CMakeFiles/helloworld.dir/BSP/Src/main.c.obj
                0x0000000008001100                main
 .text.SystemClock_Config
                0x000000000800110c       0xb4 CMakeFiles/helloworld.dir/BSP/Src/main.c.obj
                0x000000000800110c                SystemClock_Config
 .text.Error_Handler
                0x00000000080011c0        0x4 CMakeFiles/helloworld.dir/BSP/Src/main.c.obj
                0x00000000080011c0                Error_Handler
 .text.HAL_MspInit
                0x00000000080011c4       0x44 CMakeFiles/helloworld.dir/BSP/Src/stm32f4xx_hal_msp.c.obj
                0x00000000080011c4                HAL_MspInit
 .text.NMI_Handler
                0x0000000008001208        0x4 CMakeFiles/helloworld.dir/BSP/Src/stm32f4xx_it.c.obj
                0x0000000008001208                NMI_Handler
 .text.HardFault_Handler
                0x000000000800120c        0x2 CMakeFiles/helloworld.dir/BSP/Src/stm32f4xx_it.c.obj
                0x000000000800120c                HardFault_Handler
 .text.MemManage_Handler
                0x000000000800120e        0x2 CMakeFiles/helloworld.dir/BSP/Src/stm32f4xx_it.c.obj
                0x000000000800120e                MemManage_Handler
 .text.BusFault_Handler
                0x0000000008001210        0x2 CMakeFiles/helloworld.dir/BSP/Src/stm32f4xx_it.c.obj
                0x0000000008001210                BusFault_Handler
 .text.UsageFault_Handler
                0x0000000008001212        0x2 CMakeFiles/helloworld.dir/BSP/Src/stm32f4xx_it.c.obj
                0x0000000008001212                UsageFault_Handler
 .text.SVC_Handler
                0x0000000008001214        0x4 CMakeFiles/helloworld.dir/BSP/Src/stm32f4xx_it.c.obj
                0x0000000008001214                SVC_Handler
 .text.DebugMon_Handler
                0x0000000008001218        0x4 CMakeFiles/helloworld.dir/BSP/Src/stm32f4xx_it.c.obj
                0x0000000008001218                DebugMon_Handler
 .text.SysTick_Handler
                0x000000000800121c        0xa CMakeFiles/helloworld.dir/BSP/Src/stm32f4xx_it.c.obj
                0x000000000800121c                SysTick_Handler
 *fill*         0x0000000008001226        0x2 
 .text.SystemInit
                0x0000000008001228       0x64 CMakeFiles/helloworld.dir/BSP/Src/system_stm32f4xx.c.obj
                0x0000000008001228                SystemInit
 *(.glue_7)
 .glue_7        0x000000000800128c        0x0 linker stubs
 *(.glue_7t)
 .glue_7t       0x000000000800128c        0x0 linker stubs
 *(.eh_frame)
 .eh_frame      0x000000000800128c        0x0 /usr/local/Cellar/arm-none-eabi-gcc/9-2019-q4-major/gcc/bin/../lib/gcc/arm-none-eabi/9.2.1/thumb/v7e-m+fp/hard/crtbegin.o
 *(.init)
 .init          0x000000000800128c        0x4 /usr/local/Cellar/arm-none-eabi-gcc/9-2019-q4-major/gcc/bin/../lib/gcc/arm-none-eabi/9.2.1/thumb/v7e-m+fp/hard/crti.o
                0x000000000800128c                _init
 .init          0x0000000008001290        0x8 /usr/local/Cellar/arm-none-eabi-gcc/9-2019-q4-major/gcc/bin/../lib/gcc/arm-none-eabi/9.2.1/thumb/v7e-m+fp/hard/crtn.o
 *(.fini)
 .fini          0x0000000008001298        0x4 /usr/local/Cellar/arm-none-eabi-gcc/9-2019-q4-major/gcc/bin/../lib/gcc/arm-none-eabi/9.2.1/thumb/v7e-m+fp/hard/crti.o
                0x0000000008001298                _fini
 .fini          0x000000000800129c        0x8 /usr/local/Cellar/arm-none-eabi-gcc/9-2019-q4-major/gcc/bin/../lib/gcc/arm-none-eabi/9.2.1/thumb/v7e-m+fp/hard/crtn.o
                0x00000000080012a4                . = ALIGN (0x4)
                0x00000000080012a4                _etext = .

.vfp11_veneer   0x00000000080012a4        0x0
 .vfp11_veneer  0x00000000080012a4        0x0 linker stubs

.v4_bx          0x00000000080012a4        0x0
 .v4_bx         0x00000000080012a4        0x0 linker stubs

.iplt           0x00000000080012a4        0x0
 .iplt          0x00000000080012a4        0x0 /usr/local/Cellar/arm-none-eabi-gcc/9-2019-q4-major/gcc/bin/../lib/gcc/arm-none-eabi/9.2.1/thumb/v7e-m+fp/hard/crtbegin.o

.rodata         0x00000000080012a4       0x14
                0x00000000080012a4                . = ALIGN (0x4)
 *(.rodata)
 *(.rodata*)
 .rodata._global_impure_ptr
                0x00000000080012a4        0x4 /usr/local/Cellar/arm-none-eabi-gcc/9-2019-q4-major/gcc/bin/../lib/gcc/arm-none-eabi/9.2.1/../../../../arm-none-eabi/lib/thumb/v7e-m+fp/hard/libc.a(lib_a-impure.o)
                0x00000000080012a4                _global_impure_ptr
 .rodata.AHBPrescTable
                0x00000000080012a8       0x10 CMakeFiles/helloworld.dir/BSP/Src/system_stm32f4xx.c.obj
                0x00000000080012a8                AHBPrescTable
                0x00000000080012b8                . = ALIGN (0x4)

.ARM.extab
 *(.ARM.extab* .gnu.linkonce.armextab.*)

.ARM            0x00000000080012b8        0x8
                0x00000000080012b8                __exidx_start = .
 *(.ARM.exidx*)
 .ARM.exidx     0x00000000080012b8        0x8 /usr/local/Cellar/arm-none-eabi-gcc/9-2019-q4-major/gcc/bin/../lib/gcc/arm-none-eabi/9.2.1/thumb/v7e-m+fp/hard/libgcc.a(_udivmoddi4.o)
                0x00000000080012c0                __exidx_end = .

.rel.dyn        0x00000000080012c0        0x0
 .rel.iplt      0x00000000080012c0        0x0 /usr/local/Cellar/arm-none-eabi-gcc/9-2019-q4-major/gcc/bin/../lib/gcc/arm-none-eabi/9.2.1/thumb/v7e-m+fp/hard/crtbegin.o

.preinit_array  0x00000000080012c0        0x0
                0x00000000080012c0                PROVIDE (__preinit_array_start = .)
 *(.preinit_array*)
                0x00000000080012c0                PROVIDE (__preinit_array_end = .)

.init_array     0x00000000080012c0        0x8
                0x00000000080012c0                PROVIDE (__init_array_start = .)
 *(SORT_BY_NAME(.init_array.*))
 .init_array.00000
                0x00000000080012c0        0x4 /usr/local/Cellar/arm-none-eabi-gcc/9-2019-q4-major/gcc/bin/../lib/gcc/arm-none-eabi/9.2.1/../../../../arm-none-eabi/lib/thumb/v7e-m+fp/hard/libc.a(lib_a-__call_atexit.o)
 *(.init_array*)
 .init_array    0x00000000080012c4        0x4 /usr/local/Cellar/arm-none-eabi-gcc/9-2019-q4-major/gcc/bin/../lib/gcc/arm-none-eabi/9.2.1/thumb/v7e-m+fp/hard/crtbegin.o
                0x00000000080012c8                PROVIDE (__init_array_end = .)

.fini_array     0x00000000080012c8        0x4
                0x00000000080012c8                PROVIDE (__fini_array_start = .)
 *(SORT_BY_NAME(.fini_array.*))
 *(.fini_array*)
 .fini_array    0x00000000080012c8        0x4 /usr/local/Cellar/arm-none-eabi-gcc/9-2019-q4-major/gcc/bin/../lib/gcc/arm-none-eabi/9.2.1/thumb/v7e-m+fp/hard/crtbegin.o
                0x00000000080012cc                PROVIDE (__fini_array_end = .)
                0x00000000080012cc                _sidata = LOADADDR (.data)

.data           0x0000000020000000      0x438 load address 0x00000000080012cc
                0x0000000020000000                . = ALIGN (0x4)
                0x0000000020000000                _sdata = .
 *(.data)
 *(.data*)
 .data.impure_data
                0x0000000020000000      0x428 /usr/local/Cellar/arm-none-eabi-gcc/9-2019-q4-major/gcc/bin/../lib/gcc/arm-none-eabi/9.2.1/../../../../arm-none-eabi/lib/thumb/v7e-m+fp/hard/libc.a(lib_a-impure.o)
 .data.__atexit_recursive_mutex
                0x0000000020000428        0x4 /usr/local/Cellar/arm-none-eabi-gcc/9-2019-q4-major/gcc/bin/../lib/gcc/arm-none-eabi/9.2.1/../../../../arm-none-eabi/lib/thumb/v7e-m+fp/hard/libc.a(lib_a-__call_atexit.o)
                0x0000000020000428                __atexit_recursive_mutex
 .data.uwTickPrio
                0x000000002000042c        0x4 CMakeFiles/helloworld.dir/Users/mybays/develop/tencentos-tiny/TencentOS-tiny/platform/vendor_bsp/st/STM32F4xx_HAL_Driver/Src/stm32f4xx_hal.c.obj
                0x000000002000042c                uwTickPrio
 .data.uwTickFreq
                0x0000000020000430        0x1 CMakeFiles/helloworld.dir/Users/mybays/develop/tencentos-tiny/TencentOS-tiny/platform/vendor_bsp/st/STM32F4xx_HAL_Driver/Src/stm32f4xx_hal.c.obj
                0x0000000020000430                uwTickFreq
 *fill*         0x0000000020000431        0x3 
 .data.SystemCoreClock
                0x0000000020000434        0x4 CMakeFiles/helloworld.dir/BSP/Src/system_stm32f4xx.c.obj
                0x0000000020000434                SystemCoreClock
                0x0000000020000438                . = ALIGN (0x4)
                0x0000000020000438                _edata = .

.igot.plt       0x0000000020000438        0x0 load address 0x0000000008001704
 .igot.plt      0x0000000020000438        0x0 /usr/local/Cellar/arm-none-eabi-gcc/9-2019-q4-major/gcc/bin/../lib/gcc/arm-none-eabi/9.2.1/thumb/v7e-m+fp/hard/crtbegin.o
                0x0000000020000438                . = ALIGN (0x4)

.bss            0x0000000020000438       0x44 load address 0x0000000008001704
                0x0000000020000438                _sbss = .
                0x0000000020000438                __bss_start__ = _sbss
 *(.bss)
 .bss           0x0000000020000438       0x1c /usr/local/Cellar/arm-none-eabi-gcc/9-2019-q4-major/gcc/bin/../lib/gcc/arm-none-eabi/9.2.1/thumb/v7e-m+fp/hard/crtbegin.o
 *(.bss*)
 *(COMMON)
 COMMON         0x0000000020000454       0x21 /usr/local/Cellar/arm-none-eabi-gcc/9-2019-q4-major/gcc/bin/../lib/gcc/arm-none-eabi/9.2.1/../../../../arm-none-eabi/lib/thumb/v7e-m+fp/hard/libc.a(lib_a-lock.o)
                0x0000000020000454                __lock___atexit_recursive_mutex
                0x0000000020000458                __lock___arc4random_mutex
                0x000000002000045c                __lock___env_recursive_mutex
                0x0000000020000460                __lock___sinit_recursive_mutex
                0x0000000020000464                __lock___malloc_recursive_mutex
                0x0000000020000468                __lock___at_quick_exit_mutex
                0x000000002000046c                __lock___dd_hash_mutex
                0x0000000020000470                __lock___tz_mutex
                0x0000000020000474                __lock___sfp_recursive_mutex
 *fill*         0x0000000020000475        0x3 
 COMMON         0x0000000020000478        0x4 CMakeFiles/helloworld.dir/Users/mybays/develop/tencentos-tiny/TencentOS-tiny/platform/vendor_bsp/st/STM32F4xx_HAL_Driver/Src/stm32f4xx_hal.c.obj
                0x0000000020000478                uwTick
                0x000000002000047c                . = ALIGN (0x4)
                0x000000002000047c                _ebss = .
                0x000000002000047c                __bss_end__ = _ebss

._user_heap_stack
                0x000000002000047c      0x604 load address 0x0000000008001704
                0x0000000020000480                . = ALIGN (0x8)
 *fill*         0x000000002000047c        0x4 
                [!provide]                        PROVIDE (end = .)
                [!provide]                        PROVIDE (_end = .)
                0x0000000020000680                . = (. + _Min_Heap_Size)
 *fill*         0x0000000020000480      0x200 
                0x0000000020000a80                . = (. + _Min_Stack_Size)
 *fill*         0x0000000020000680      0x400 
                0x0000000020000a80                . = ALIGN (0x8)

/DISCARD/
 libc.a(*)
 libm.a(*)
 libgcc.a(*)

.ARM.attributes
                0x0000000000000000       0x30
 *(.ARM.attributes)
 .ARM.attributes
                0x0000000000000000       0x1e /usr/local/Cellar/arm-none-eabi-gcc/9-2019-q4-major/gcc/bin/../lib/gcc/arm-none-eabi/9.2.1/thumb/v7e-m+fp/hard/crti.o
 .ARM.attributes
                0x000000000000001e       0x34 /usr/local/Cellar/arm-none-eabi-gcc/9-2019-q4-major/gcc/bin/../lib/gcc/arm-none-eabi/9.2.1/thumb/v7e-m+fp/hard/crtbegin.o
 .ARM.attributes
                0x0000000000000052       0x21 CMakeFiles/helloworld.dir/GCC/hello_world/startup_stm32f401xc.s.obj
 .ARM.attributes
                0x0000000000000073       0x34 CMakeFiles/helloworld.dir/Users/mybays/develop/tencentos-tiny/TencentOS-tiny/platform/vendor_bsp/st/STM32F4xx_HAL_Driver/Src/stm32f4xx_hal_cortex.c.obj
 .ARM.attributes
                0x00000000000000a7       0x34 CMakeFiles/helloworld.dir/Users/mybays/develop/tencentos-tiny/TencentOS-tiny/platform/vendor_bsp/st/STM32F4xx_HAL_Driver/Src/stm32f4xx_hal_rcc.c.obj
 .ARM.attributes
                0x00000000000000db       0x34 CMakeFiles/helloworld.dir/Users/mybays/develop/tencentos-tiny/TencentOS-tiny/platform/vendor_bsp/st/STM32F4xx_HAL_Driver/Src/stm32f4xx_hal.c.obj
 .ARM.attributes
                0x000000000000010f       0x34 CMakeFiles/helloworld.dir/BSP/Src/main.c.obj
 .ARM.attributes
                0x0000000000000143       0x34 CMakeFiles/helloworld.dir/BSP/Src/stm32f4xx_hal_msp.c.obj
 .ARM.attributes
                0x0000000000000177       0x34 CMakeFiles/helloworld.dir/BSP/Src/stm32f4xx_it.c.obj
 .ARM.attributes
                0x00000000000001ab       0x34 CMakeFiles/helloworld.dir/BSP/Src/system_stm32f4xx.c.obj
 .ARM.attributes
                0x00000000000001df       0x1e /usr/local/Cellar/arm-none-eabi-gcc/9-2019-q4-major/gcc/bin/../lib/gcc/arm-none-eabi/9.2.1/thumb/v7e-m+fp/hard/libgcc.a(_aeabi_uldivmod.o)
 .ARM.attributes
                0x00000000000001fd       0x34 /usr/local/Cellar/arm-none-eabi-gcc/9-2019-q4-major/gcc/bin/../lib/gcc/arm-none-eabi/9.2.1/thumb/v7e-m+fp/hard/libgcc.a(_udivmoddi4.o)
 .ARM.attributes
                0x0000000000000231       0x1e /usr/local/Cellar/arm-none-eabi-gcc/9-2019-q4-major/gcc/bin/../lib/gcc/arm-none-eabi/9.2.1/thumb/v7e-m+fp/hard/libgcc.a(_dvmd_tls.o)
 .ARM.attributes
                0x000000000000024f       0x1e /usr/local/Cellar/arm-none-eabi-gcc/9-2019-q4-major/gcc/bin/../lib/gcc/arm-none-eabi/9.2.1/thumb/v7e-m+fp/hard/crtn.o
LOAD CMakeFiles/helloworld.dir/GCC/hello_world/startup_stm32f401xc.s.obj
LOAD CMakeFiles/helloworld.dir/Users/mybays/develop/tencentos-tiny/TencentOS-tiny/osal/cmsis_os/cmsis_os.c.obj
LOAD CMakeFiles/helloworld.dir/Users/mybays/develop/tencentos-tiny/TencentOS-tiny/platform/vendor_bsp/st/STM32F4xx_HAL_Driver/Src/stm32f4xx_hal_cortex.c.obj
LOAD CMakeFiles/helloworld.dir/Users/mybays/develop/tencentos-tiny/TencentOS-tiny/platform/vendor_bsp/st/STM32F4xx_HAL_Driver/Src/stm32f4xx_hal_tim.c.obj
LOAD CMakeFiles/helloworld.dir/Users/mybays/develop/tencentos-tiny/TencentOS-tiny/platform/vendor_bsp/st/STM32F4xx_HAL_Driver/Src/stm32f4xx_hal_tim_ex.c.obj
LOAD CMakeFiles/helloworld.dir/Users/mybays/develop/tencentos-tiny/TencentOS-tiny/platform/vendor_bsp/st/STM32F4xx_HAL_Driver/Src/stm32f4xx_hal_uart.c.obj
LOAD CMakeFiles/helloworld.dir/Users/mybays/develop/tencentos-tiny/TencentOS-tiny/platform/vendor_bsp/st/STM32F4xx_HAL_Driver/Src/stm32f4xx_hal_rcc.c.obj
LOAD CMakeFiles/helloworld.dir/Users/mybays/develop/tencentos-tiny/TencentOS-tiny/platform/vendor_bsp/st/STM32F4xx_HAL_Driver/Src/stm32f4xx_hal_rcc_ex.c.obj
LOAD CMakeFiles/helloworld.dir/Users/mybays/develop/tencentos-tiny/TencentOS-tiny/platform/vendor_bsp/st/STM32F4xx_HAL_Driver/Src/stm32f4xx_hal_rtc.c.obj
LOAD CMakeFiles/helloworld.dir/Users/mybays/develop/tencentos-tiny/TencentOS-tiny/platform/vendor_bsp/st/STM32F4xx_HAL_Driver/Src/stm32f4xx_hal_rtc_ex.c.obj
LOAD CMakeFiles/helloworld.dir/Users/mybays/develop/tencentos-tiny/TencentOS-tiny/platform/vendor_bsp/st/STM32F4xx_HAL_Driver/Src/stm32f4xx_hal_flash.c.obj
LOAD CMakeFiles/helloworld.dir/Users/mybays/develop/tencentos-tiny/TencentOS-tiny/platform/vendor_bsp/st/STM32F4xx_HAL_Driver/Src/stm32f4xx_hal_flash_ex.c.obj
LOAD CMakeFiles/helloworld.dir/Users/mybays/develop/tencentos-tiny/TencentOS-tiny/platform/vendor_bsp/st/STM32F4xx_HAL_Driver/Src/stm32f4xx_hal_gpio.c.obj
LOAD CMakeFiles/helloworld.dir/Users/mybays/develop/tencentos-tiny/TencentOS-tiny/platform/vendor_bsp/st/STM32F4xx_HAL_Driver/Src/stm32f4xx_hal_dma.c.obj
LOAD CMakeFiles/helloworld.dir/Users/mybays/develop/tencentos-tiny/TencentOS-tiny/platform/vendor_bsp/st/STM32F4xx_HAL_Driver/Src/stm32f4xx_hal_dma_ex.c.obj
LOAD CMakeFiles/helloworld.dir/Users/mybays/develop/tencentos-tiny/TencentOS-tiny/platform/vendor_bsp/st/STM32F4xx_HAL_Driver/Src/stm32f4xx_hal_pwr.c.obj
LOAD CMakeFiles/helloworld.dir/Users/mybays/develop/tencentos-tiny/TencentOS-tiny/platform/vendor_bsp/st/STM32F4xx_HAL_Driver/Src/stm32f4xx_hal_pwr_ex.c.obj
LOAD CMakeFiles/helloworld.dir/Users/mybays/develop/tencentos-tiny/TencentOS-tiny/platform/vendor_bsp/st/STM32F4xx_HAL_Driver/Src/stm32f4xx_hal.c.obj
LOAD CMakeFiles/helloworld.dir/Users/mybays/develop/tencentos-tiny/TencentOS-tiny/platform/vendor_bsp/st/STM32F4xx_HAL_Driver/Src/stm32f4xx_hal_i2c.c.obj
LOAD CMakeFiles/helloworld.dir/Users/mybays/develop/tencentos-tiny/TencentOS-tiny/platform/vendor_bsp/st/STM32F4xx_HAL_Driver/Src/stm32f4xx_hal_i2c_ex.c.obj
LOAD CMakeFiles/helloworld.dir/Users/mybays/develop/tencentos-tiny/TencentOS-tiny/kernel/core/tos_barrier.c.obj
LOAD CMakeFiles/helloworld.dir/Users/mybays/develop/tencentos-tiny/TencentOS-tiny/kernel/core/tos_binary_heap.c.obj
LOAD CMakeFiles/helloworld.dir/Users/mybays/develop/tencentos-tiny/TencentOS-tiny/kernel/core/tos_bitmap.c.obj
LOAD CMakeFiles/helloworld.dir/Users/mybays/develop/tencentos-tiny/TencentOS-tiny/kernel/core/tos_char_fifo.c.obj
LOAD CMakeFiles/helloworld.dir/Users/mybays/develop/tencentos-tiny/TencentOS-tiny/kernel/core/tos_completion.c.obj
LOAD CMakeFiles/helloworld.dir/Users/mybays/develop/tencentos-tiny/TencentOS-tiny/kernel/core/tos_countdownlatch.c.obj
LOAD CMakeFiles/helloworld.dir/Users/mybays/develop/tencentos-tiny/TencentOS-tiny/kernel/core/tos_event.c.obj
LOAD CMakeFiles/helloworld.dir/Users/mybays/develop/tencentos-tiny/TencentOS-tiny/kernel/core/tos_global.c.obj
LOAD CMakeFiles/helloworld.dir/Users/mybays/develop/tencentos-tiny/TencentOS-tiny/kernel/core/tos_mail_queue.c.obj
LOAD CMakeFiles/helloworld.dir/Users/mybays/develop/tencentos-tiny/TencentOS-tiny/kernel/core/tos_message_queue.c.obj
LOAD CMakeFiles/helloworld.dir/Users/mybays/develop/tencentos-tiny/TencentOS-tiny/kernel/core/tos_mmblk.c.obj
LOAD CMakeFiles/helloworld.dir/Users/mybays/develop/tencentos-tiny/TencentOS-tiny/kernel/core/tos_mmheap.c.obj
LOAD CMakeFiles/helloworld.dir/Users/mybays/develop/tencentos-tiny/TencentOS-tiny/kernel/core/tos_mutex.c.obj
LOAD CMakeFiles/helloworld.dir/Users/mybays/develop/tencentos-tiny/TencentOS-tiny/kernel/core/tos_pend.c.obj
LOAD CMakeFiles/helloworld.dir/Users/mybays/develop/tencentos-tiny/TencentOS-tiny/kernel/core/tos_priority_mail_queue.c.obj
LOAD CMakeFiles/helloworld.dir/Users/mybays/develop/tencentos-tiny/TencentOS-tiny/kernel/core/tos_priority_message_queue.c.obj
LOAD CMakeFiles/helloworld.dir/Users/mybays/develop/tencentos-tiny/TencentOS-tiny/kernel/core/tos_priority_queue.c.obj
LOAD CMakeFiles/helloworld.dir/Users/mybays/develop/tencentos-tiny/TencentOS-tiny/kernel/core/tos_ring_queue.c.obj
LOAD CMakeFiles/helloworld.dir/Users/mybays/develop/tencentos-tiny/TencentOS-tiny/kernel/core/tos_robin.c.obj
LOAD CMakeFiles/helloworld.dir/Users/mybays/develop/tencentos-tiny/TencentOS-tiny/kernel/core/tos_rwlock.c.obj
LOAD CMakeFiles/helloworld.dir/Users/mybays/develop/tencentos-tiny/TencentOS-tiny/kernel/core/tos_sched.c.obj
LOAD CMakeFiles/helloworld.dir/Users/mybays/develop/tencentos-tiny/TencentOS-tiny/kernel/core/tos_sem.c.obj
LOAD CMakeFiles/helloworld.dir/Users/mybays/develop/tencentos-tiny/TencentOS-tiny/kernel/core/tos_stopwatch.c.obj
LOAD CMakeFiles/helloworld.dir/Users/mybays/develop/tencentos-tiny/TencentOS-tiny/kernel/core/tos_sys.c.obj
LOAD CMakeFiles/helloworld.dir/Users/mybays/develop/tencentos-tiny/TencentOS-tiny/kernel/core/tos_task.c.obj
LOAD CMakeFiles/helloworld.dir/Users/mybays/develop/tencentos-tiny/TencentOS-tiny/kernel/core/tos_tick.c.obj
LOAD CMakeFiles/helloworld.dir/Users/mybays/develop/tencentos-tiny/TencentOS-tiny/kernel/core/tos_time.c.obj
LOAD CMakeFiles/helloworld.dir/Users/mybays/develop/tencentos-tiny/TencentOS-tiny/kernel/core/tos_timer.c.obj
LOAD CMakeFiles/helloworld.dir/Users/mybays/develop/tencentos-tiny/TencentOS-tiny/kernel/pm/tos_pm.c.obj
LOAD CMakeFiles/helloworld.dir/Users/mybays/develop/tencentos-tiny/TencentOS-tiny/kernel/pm/tos_tickless.c.obj
LOAD CMakeFiles/helloworld.dir/Users/mybays/develop/tencentos-tiny/TencentOS-tiny/arch/arm/arm-v7m/cortex-m4/gcc/port_c.c.obj
LOAD CMakeFiles/helloworld.dir/BSP/Src/main.c.obj
LOAD CMakeFiles/helloworld.dir/BSP/Src/stm32f4xx_hal_msp.c.obj
LOAD CMakeFiles/helloworld.dir/BSP/Src/stm32f4xx_it.c.obj
LOAD CMakeFiles/helloworld.dir/BSP/Src/system_stm32f4xx.c.obj
START GROUP
LOAD /usr/local/Cellar/arm-none-eabi-gcc/9-2019-q4-major/gcc/bin/../lib/gcc/arm-none-eabi/9.2.1/thumb/v7e-m+fp/hard/libgcc.a
LOAD /usr/local/Cellar/arm-none-eabi-gcc/9-2019-q4-major/gcc/bin/../lib/gcc/arm-none-eabi/9.2.1/../../../../arm-none-eabi/lib/thumb/v7e-m+fp/hard/libg_nano.a
LOAD /usr/local/Cellar/arm-none-eabi-gcc/9-2019-q4-major/gcc/bin/../lib/gcc/arm-none-eabi/9.2.1/../../../../arm-none-eabi/lib/thumb/v7e-m+fp/hard/libc_nano.a
END GROUP
START GROUP
LOAD /usr/local/Cellar/arm-none-eabi-gcc/9-2019-q4-major/gcc/bin/../lib/gcc/arm-none-eabi/9.2.1/thumb/v7e-m+fp/hard/libgcc.a
LOAD /usr/local/Cellar/arm-none-eabi-gcc/9-2019-q4-major/gcc/bin/../lib/gcc/arm-none-eabi/9.2.1/../../../../arm-none-eabi/lib/thumb/v7e-m+fp/hard/libc_nano.a
END GROUP
LOAD /usr/local/Cellar/arm-none-eabi-gcc/9-2019-q4-major/gcc/bin/../lib/gcc/arm-none-eabi/9.2.1/thumb/v7e-m+fp/hard/crtend.o
LOAD /usr/local/Cellar/arm-none-eabi-gcc/9-2019-q4-major/gcc/bin/../lib/gcc/arm-none-eabi/9.2.1/thumb/v7e-m+fp/hard/crtn.o
OUTPUT(helloworld elf32-littlearm)

.debug_line     0x0000000000000000     0x25bc
 .debug_line    0x0000000000000000       0xbc CMakeFiles/helloworld.dir/GCC/hello_world/startup_stm32f401xc.s.obj
 .debug_line    0x00000000000000bc      0x8e4 CMakeFiles/helloworld.dir/Users/mybays/develop/tencentos-tiny/TencentOS-tiny/platform/vendor_bsp/st/STM32F4xx_HAL_Driver/Src/stm32f4xx_hal_cortex.c.obj
 .debug_line    0x00000000000009a0      0x985 CMakeFiles/helloworld.dir/Users/mybays/develop/tencentos-tiny/TencentOS-tiny/platform/vendor_bsp/st/STM32F4xx_HAL_Driver/Src/stm32f4xx_hal_rcc.c.obj
 .debug_line    0x0000000000001325      0x62d CMakeFiles/helloworld.dir/Users/mybays/develop/tencentos-tiny/TencentOS-tiny/platform/vendor_bsp/st/STM32F4xx_HAL_Driver/Src/stm32f4xx_hal.c.obj
 .debug_line    0x0000000000001952      0x39c CMakeFiles/helloworld.dir/BSP/Src/main.c.obj
 .debug_line    0x0000000000001cee      0x283 CMakeFiles/helloworld.dir/BSP/Src/stm32f4xx_hal_msp.c.obj
 .debug_line    0x0000000000001f71      0x31c CMakeFiles/helloworld.dir/BSP/Src/stm32f4xx_it.c.obj
 .debug_line    0x000000000000228d      0x32f CMakeFiles/helloworld.dir/BSP/Src/system_stm32f4xx.c.obj

.debug_info     0x0000000000000000     0x3487
 .debug_info    0x0000000000000000       0x22 CMakeFiles/helloworld.dir/GCC/hello_world/startup_stm32f401xc.s.obj
 .debug_info    0x0000000000000022      0xef8 CMakeFiles/helloworld.dir/Users/mybays/develop/tencentos-tiny/TencentOS-tiny/platform/vendor_bsp/st/STM32F4xx_HAL_Driver/Src/stm32f4xx_hal_cortex.c.obj
 .debug_info    0x0000000000000f1a      0xa34 CMakeFiles/helloworld.dir/Users/mybays/develop/tencentos-tiny/TencentOS-tiny/platform/vendor_bsp/st/STM32F4xx_HAL_Driver/Src/stm32f4xx_hal_rcc.c.obj
 .debug_info    0x000000000000194e      0x9f1 CMakeFiles/helloworld.dir/Users/mybays/develop/tencentos-tiny/TencentOS-tiny/platform/vendor_bsp/st/STM32F4xx_HAL_Driver/Src/stm32f4xx_hal.c.obj
 .debug_info    0x000000000000233f      0x5b7 CMakeFiles/helloworld.dir/BSP/Src/main.c.obj
 .debug_info    0x00000000000028f6      0x3b3 CMakeFiles/helloworld.dir/BSP/Src/stm32f4xx_hal_msp.c.obj
 .debug_info    0x0000000000002ca9      0x1ec CMakeFiles/helloworld.dir/BSP/Src/stm32f4xx_it.c.obj
 .debug_info    0x0000000000002e95      0x5f2 CMakeFiles/helloworld.dir/BSP/Src/system_stm32f4xx.c.obj

.debug_abbrev   0x0000000000000000      0xc3e
 .debug_abbrev  0x0000000000000000       0x12 CMakeFiles/helloworld.dir/GCC/hello_world/startup_stm32f401xc.s.obj
 .debug_abbrev  0x0000000000000012      0x335 CMakeFiles/helloworld.dir/Users/mybays/develop/tencentos-tiny/TencentOS-tiny/platform/vendor_bsp/st/STM32F4xx_HAL_Driver/Src/stm32f4xx_hal_cortex.c.obj
 .debug_abbrev  0x0000000000000347      0x274 CMakeFiles/helloworld.dir/Users/mybays/develop/tencentos-tiny/TencentOS-tiny/platform/vendor_bsp/st/STM32F4xx_HAL_Driver/Src/stm32f4xx_hal_rcc.c.obj
 .debug_abbrev  0x00000000000005bb      0x221 CMakeFiles/helloworld.dir/Users/mybays/develop/tencentos-tiny/TencentOS-tiny/platform/vendor_bsp/st/STM32F4xx_HAL_Driver/Src/stm32f4xx_hal.c.obj
 .debug_abbrev  0x00000000000007dc      0x185 CMakeFiles/helloworld.dir/BSP/Src/main.c.obj
 .debug_abbrev  0x0000000000000961      0x100 CMakeFiles/helloworld.dir/BSP/Src/stm32f4xx_hal_msp.c.obj
 .debug_abbrev  0x0000000000000a61       0xb5 CMakeFiles/helloworld.dir/BSP/Src/stm32f4xx_it.c.obj
 .debug_abbrev  0x0000000000000b16      0x128 CMakeFiles/helloworld.dir/BSP/Src/system_stm32f4xx.c.obj

.debug_aranges  0x0000000000000000      0x390
 .debug_aranges
                0x0000000000000000       0x28 CMakeFiles/helloworld.dir/GCC/hello_world/startup_stm32f401xc.s.obj
 .debug_aranges
                0x0000000000000028      0x118 CMakeFiles/helloworld.dir/Users/mybays/develop/tencentos-tiny/TencentOS-tiny/platform/vendor_bsp/st/STM32F4xx_HAL_Driver/Src/stm32f4xx_hal_cortex.c.obj
 .debug_aranges
                0x0000000000000140       0x88 CMakeFiles/helloworld.dir/Users/mybays/develop/tencentos-tiny/TencentOS-tiny/platform/vendor_bsp/st/STM32F4xx_HAL_Driver/Src/stm32f4xx_hal_rcc.c.obj
 .debug_aranges
                0x00000000000001c8       0xf0 CMakeFiles/helloworld.dir/Users/mybays/develop/tencentos-tiny/TencentOS-tiny/platform/vendor_bsp/st/STM32F4xx_HAL_Driver/Src/stm32f4xx_hal.c.obj
 .debug_aranges
                0x00000000000002b8       0x30 CMakeFiles/helloworld.dir/BSP/Src/main.c.obj
 .debug_aranges
                0x00000000000002e8       0x20 CMakeFiles/helloworld.dir/BSP/Src/stm32f4xx_hal_msp.c.obj
 .debug_aranges
                0x0000000000000308       0x60 CMakeFiles/helloworld.dir/BSP/Src/stm32f4xx_it.c.obj
 .debug_aranges
                0x0000000000000368       0x28 CMakeFiles/helloworld.dir/BSP/Src/system_stm32f4xx.c.obj

.debug_str      0x0000000000000000     0x158e
 .debug_str     0x0000000000000000       0xb6 CMakeFiles/helloworld.dir/GCC/hello_world/startup_stm32f401xc.s.obj
 .debug_str     0x00000000000000b6      0xabb CMakeFiles/helloworld.dir/Users/mybays/develop/tencentos-tiny/TencentOS-tiny/platform/vendor_bsp/st/STM32F4xx_HAL_Driver/Src/stm32f4xx_hal_cortex.c.obj
                                        0xb8d (size before relaxing)
 .debug_str     0x0000000000000b71      0x4de CMakeFiles/helloworld.dir/Users/mybays/develop/tencentos-tiny/TencentOS-tiny/platform/vendor_bsp/st/STM32F4xx_HAL_Driver/Src/stm32f4xx_hal_rcc.c.obj
                                        0x773 (size before relaxing)
 .debug_str     0x000000000000104f      0x321 CMakeFiles/helloworld.dir/Users/mybays/develop/tencentos-tiny/TencentOS-tiny/platform/vendor_bsp/st/STM32F4xx_HAL_Driver/Src/stm32f4xx_hal.c.obj
                                        0xa8f (size before relaxing)
 .debug_str     0x0000000000001370       0x6d CMakeFiles/helloworld.dir/BSP/Src/main.c.obj
                                        0x4f5 (size before relaxing)
 .debug_str     0x00000000000013dd       0x54 CMakeFiles/helloworld.dir/BSP/Src/stm32f4xx_hal_msp.c.obj
                                        0x3a8 (size before relaxing)
 .debug_str     0x0000000000001431       0xdf CMakeFiles/helloworld.dir/BSP/Src/stm32f4xx_it.c.obj
                                        0x312 (size before relaxing)
 .debug_str     0x0000000000001510       0x7e CMakeFiles/helloworld.dir/BSP/Src/system_stm32f4xx.c.obj
                                        0x424 (size before relaxing)

.debug_ranges   0x0000000000000000      0x318
 .debug_ranges  0x0000000000000000       0x20 CMakeFiles/helloworld.dir/GCC/hello_world/startup_stm32f401xc.s.obj
 .debug_ranges  0x0000000000000020      0x108 CMakeFiles/helloworld.dir/Users/mybays/develop/tencentos-tiny/TencentOS-tiny/platform/vendor_bsp/st/STM32F4xx_HAL_Driver/Src/stm32f4xx_hal_cortex.c.obj
 .debug_ranges  0x0000000000000128       0x78 CMakeFiles/helloworld.dir/Users/mybays/develop/tencentos-tiny/TencentOS-tiny/platform/vendor_bsp/st/STM32F4xx_HAL_Driver/Src/stm32f4xx_hal_rcc.c.obj
 .debug_ranges  0x00000000000001a0       0xe0 CMakeFiles/helloworld.dir/Users/mybays/develop/tencentos-tiny/TencentOS-tiny/platform/vendor_bsp/st/STM32F4xx_HAL_Driver/Src/stm32f4xx_hal.c.obj
 .debug_ranges  0x0000000000000280       0x20 CMakeFiles/helloworld.dir/BSP/Src/main.c.obj
 .debug_ranges  0x00000000000002a0       0x10 CMakeFiles/helloworld.dir/BSP/Src/stm32f4xx_hal_msp.c.obj
 .debug_ranges  0x00000000000002b0       0x50 CMakeFiles/helloworld.dir/BSP/Src/stm32f4xx_it.c.obj
 .debug_ranges  0x0000000000000300       0x18 CMakeFiles/helloworld.dir/BSP/Src/system_stm32f4xx.c.obj

.debug_loc      0x0000000000000000      0x881
 .debug_loc     0x0000000000000000      0x530 CMakeFiles/helloworld.dir/Users/mybays/develop/tencentos-tiny/TencentOS-tiny/platform/vendor_bsp/st/STM32F4xx_HAL_Driver/Src/stm32f4xx_hal_cortex.c.obj
 .debug_loc     0x0000000000000530      0x198 CMakeFiles/helloworld.dir/Users/mybays/develop/tencentos-tiny/TencentOS-tiny/platform/vendor_bsp/st/STM32F4xx_HAL_Driver/Src/stm32f4xx_hal_rcc.c.obj
 .debug_loc     0x00000000000006c8       0xe8 CMakeFiles/helloworld.dir/Users/mybays/develop/tencentos-tiny/TencentOS-tiny/platform/vendor_bsp/st/STM32F4xx_HAL_Driver/Src/stm32f4xx_hal.c.obj
 .debug_loc     0x00000000000007b0       0x59 CMakeFiles/helloworld.dir/BSP/Src/main.c.obj
 .debug_loc     0x0000000000000809       0x2c CMakeFiles/helloworld.dir/BSP/Src/stm32f4xx_hal_msp.c.obj
 .debug_loc     0x0000000000000835       0x20 CMakeFiles/helloworld.dir/BSP/Src/stm32f4xx_it.c.obj
 .debug_loc     0x0000000000000855       0x2c CMakeFiles/helloworld.dir/BSP/Src/system_stm32f4xx.c.obj

.comment        0x0000000000000000       0x79
 .comment       0x0000000000000000       0x79 CMakeFiles/helloworld.dir/Users/mybays/develop/tencentos-tiny/TencentOS-tiny/platform/vendor_bsp/st/STM32F4xx_HAL_Driver/Src/stm32f4xx_hal_cortex.c.obj
                                         0x7a (size before relaxing)
 .comment       0x0000000000000079       0x7a CMakeFiles/helloworld.dir/Users/mybays/develop/tencentos-tiny/TencentOS-tiny/platform/vendor_bsp/st/STM32F4xx_HAL_Driver/Src/stm32f4xx_hal_rcc.c.obj
 .comment       0x0000000000000079       0x7a CMakeFiles/helloworld.dir/Users/mybays/develop/tencentos-tiny/TencentOS-tiny/platform/vendor_bsp/st/STM32F4xx_HAL_Driver/Src/stm32f4xx_hal.c.obj
 .comment       0x0000000000000079       0x7a CMakeFiles/helloworld.dir/BSP/Src/main.c.obj
 .comment       0x0000000000000079       0x7a CMakeFiles/helloworld.dir/BSP/Src/stm32f4xx_hal_msp.c.obj
 .comment       0x0000000000000079       0x7a CMakeFiles/helloworld.dir/BSP/Src/stm32f4xx_it.c.obj
 .comment       0x0000000000000079       0x7a CMakeFiles/helloworld.dir/BSP/Src/system_stm32f4xx.c.obj

.debug_frame    0x0000000000000000      0x81c
 .debug_frame   0x0000000000000000      0x31c CMakeFiles/helloworld.dir/Users/mybays/develop/tencentos-tiny/TencentOS-tiny/platform/vendor_bsp/st/STM32F4xx_HAL_Driver/Src/stm32f4xx_hal_cortex.c.obj
 .debug_frame   0x000000000000031c      0x150 CMakeFiles/helloworld.dir/Users/mybays/develop/tencentos-tiny/TencentOS-tiny/platform/vendor_bsp/st/STM32F4xx_HAL_Driver/Src/stm32f4xx_hal_rcc.c.obj
 .debug_frame   0x000000000000046c      0x1f4 CMakeFiles/helloworld.dir/Users/mybays/develop/tencentos-tiny/TencentOS-tiny/platform/vendor_bsp/st/STM32F4xx_HAL_Driver/Src/stm32f4xx_hal.c.obj
 .debug_frame   0x0000000000000660       0x54 CMakeFiles/helloworld.dir/BSP/Src/main.c.obj
 .debug_frame   0x00000000000006b4       0x28 CMakeFiles/helloworld.dir/BSP/Src/stm32f4xx_hal_msp.c.obj
 .debug_frame   0x00000000000006dc       0xa8 CMakeFiles/helloworld.dir/BSP/Src/stm32f4xx_it.c.obj
 .debug_frame   0x0000000000000784       0x38 CMakeFiles/helloworld.dir/BSP/Src/system_stm32f4xx.c.obj
 .debug_frame   0x00000000000007bc       0x2c /usr/local/Cellar/arm-none-eabi-gcc/9-2019-q4-major/gcc/bin/../lib/gcc/arm-none-eabi/9.2.1/thumb/v7e-m+fp/hard/libgcc.a(_aeabi_uldivmod.o)
 .debug_frame   0x00000000000007e8       0x34 /usr/local/Cellar/arm-none-eabi-gcc/9-2019-q4-major/gcc/bin/../lib/gcc/arm-none-eabi/9.2.1/thumb/v7e-m+fp/hard/libgcc.a(_udivmoddi4.o)
